// Jest Snapshot v1, https://goo.gl/fbAQLP

exports[`should correctly render Details 1`] = `
<h1
  className="loading"
  data-testid="details-loading"
>
  Loading
</h1>
`;
