// Jest Snapshot v1, https://goo.gl/fbAQLP

exports[`should correctly render SearchParams 1`] = `
<div
  className="search-params"
  data-testid="search-params-id"
>
  <form
    className="search-params-form"
    data-testid="search-params-form"
    onSubmit={[Function]}
  >
    <label
      htmlFor="animal"
    >
      Animal
      <select
        onChange={[Function]}
        value="All"
      >
        <option>
          Select
        </option>
        <option
          value="barnyard"
        >
          Barnyard
        </option>
        <option
          value="bird"
        >
          Bird
        </option>
        <option
          value="cat"
        >
          Cat
        </option>
        <option
          value="dog"
        >
          Dog
        </option>
        <option
          value="horse"
        >
          Horse
        </option>
        <option
          value="rabbit"
        >
          Rabbit
        </option>
        <option
          value="scales-fins-other"
        >
          Scales-fins-other
        </option>
        <option
          value="small-furry"
        >
          Small-furry
        </option>
      </select>
    </label>
    <label
      htmlFor="size"
    >
      Size
      <select
        onChange={[Function]}
        value="All"
      >
        <option>
          Select
        </option>
        <option
          value="Small"
        >
          Small
        </option>
        <option
          value="Medium"
        >
          Medium
        </option>
        <option
          value="Large"
        >
          Large
        </option>
      </select>
    </label>
    <label
      htmlFor="gender"
    >
      Gender
      <select
        onChange={[Function]}
        value="All"
      >
        <option>
          Select
        </option>
        <option
          value="Male"
        >
          Male
        </option>
        <option
          value="Female"
        >
          Female
        </option>
      </select>
    </label>
    <button
      type="submit"
    >
      Submit
    </button>
  </form>
  <div
    className="search"
  >
    <h1>
      No Pets Found
    </h1>
  </div>
</div>
`;
